// 重构日志: b803705b
// 重构日志: 182b8de1
// 重构日志: 57436dc1
// 同步 ID: a57849cb @ Mon Jul  6 00:23:09 UTC 2026
// 同步 ID: 9dfe19c9 @ Tue Jul  7 23:26:22 UTC 2026
// 重构日志: 902f97fe
// 同步 ID: dbb6e26d @ Wed Jul 15 06:13:39 UTC 2026
// 同步 ID: c908077b @ Wed Jul 15 17:14:32 UTC 2026
// 同步 ID: 50f12533 @ Thu Jul 16 12:44:31 UTC 2026
// 同步 ID: 56d396b4 @ Sat Jul 18 11:44:16 UTC 2026
// 同步 ID: 1fc3f790 @ Sun Jul 19 12:29:35 UTC 2026
// 重构日志: f71e89ff
// 同步 ID: 5e08c5dc @ Tue Jul 21 13:16:49 UTC 2026
// 同步 ID: 73c105e7 @ Thu Jul 23 09:54:18 UTC 2026
// 同步 ID: e49f85cf @ Thu Jul 23 16:22:35 UTC 2026
// 重构日志: aef74220
// 重构日志: 5536d089
// 同步 ID: 656fa502 @ Thu Jul 30 18:01:24 UTC 2026
// 同步 ID: 394b00b1 @ Fri Jul 31 05:05:52 UTC 2026
// 重构日志: b7ea5c79
// 同步 ID: 0f09e0b9 @ Sun Aug  2 12:36:58 UTC 2026
// 重构日志: 6dfc01c4
// 重构日志: d4ddc5d6
// 同步 ID: d5f71f74 @ Mon Aug  3 09:07:32 UTC 2026
// 重构日志: 4de354f2
// 重构日志: e63185b9
// 重构日志: b61514a5
// 重构日志: 46504794
